Component: ARM Compiler 5.06 update 6 (build 750) Tool: armlink [4d35ed]

==============================================================================

Section Cross References

    main.o(i.main) refers to _printf_percent.o(.ARM.Collect$$_printf_percent$$00000000) for _printf_percent
    main.o(i.main) refers to _printf_d.o(.ARM.Collect$$_printf_percent$$00000009) for _printf_d
    main.o(i.main) refers to _printf_s.o(.ARM.Collect$$_printf_percent$$00000014) for _printf_s
    main.o(i.main) refers to _printf_dec.o(.text) for _printf_int_dec
    main.o(i.main) refers to _printf_str.o(.text) for _printf_str
    main.o(i.main) refers to usart.o(i.serial_init) for serial_init
    main.o(i.main) refers to makos_system.o(i.makos_init) for makos_init
    main.o(i.main) refers to makos_task.o(i.task_create_full) for task_create_full
    main.o(i.main) refers to makos_system.o(i.makos_run) for makos_run
    main.o(i.main) refers to makos_critical.o(i.irq_close) for irq_close
    main.o(i.main) refers to __2printf.o(.text) for __2printf
    main.o(i.main) refers to task_init.o(i.task_init) for task_init
    main.o(i.main) refers to makos_system.o(.bss) for system_param
    task_init.o(i.base_init) refers to pwm.o(i.PWM_init) for PWM_init
    task_init.o(i.base_init) refers to usart.o(i.uasrt6_init) for uasrt6_init
    task_init.o(i.base_init) refers to timer.o(i.Delay_Timer_Init) for Delay_Timer_Init
    task_init.o(i.base_init) refers to rng_led.o(i.RNG_Init) for RNG_Init
    task_init.o(i.base_init) refers to timer.o(i.TIM12_Int_Init) for TIM12_Int_Init
    task_init.o(i.base_init) refers to can.o(i.CAN1_Configuration) for CAN1_Configuration
    task_init.o(i.base_init) refers to can.o(i.can2_Configuration) for can2_Configuration
    task_init.o(i.base_init) refers to task_remote.o(i.remote_send_msg_init) for remote_send_msg_init
    task_init.o(i.base_init) refers to makos_schedule.o(i.task_delay_ms) for task_delay_ms
    task_init.o(i.task_init) refers to task_init.o(i.base_init) for base_init
    task_init.o(i.task_init) refers to makos_critical.o(i.irq_close) for irq_close
    task_init.o(i.task_init) refers to makos_task.o(i.task_create_full_CCM) for task_create_full_CCM
    task_init.o(i.task_init) refers to makos_critical.o(i.irq_restore) for irq_restore
    task_init.o(i.task_init) refers to makos_task.o(i.task_create_full) for task_create_full
    task_init.o(i.task_init) refers to makos_schedule.o(i.task_suspend) for task_suspend
    task_init.o(i.task_init) refers to makos_schedule.o(i.task_delay_ms) for task_delay_ms
    task_init.o(i.task_init) refers to task_led.o(i.task_led_sys) for task_led_sys
    task_init.o(i.task_init) refers to task_ano.o(i.task_ANO) for task_ANO
    task_init.o(i.task_init) refers to task_ui.o(i.task_UI) for task_UI
    task_init.o(i.task_init) refers to task_judge.o(i.task_judge) for task_judge
    task_init.o(i.task_init) refers to task_remote.o(i.task_remote) for task_remote
    task_init.o(i.task_init) refers to task_engineer_state.o(i.task_engineer_state) for task_engineer_state
    task_init.o(i.task_init) refers to task_engineer_control.o(i.task_engineer_control) for task_engineer_control
    task_init.o(i.task_init) refers to makos_system.o(.data) for ptcb_curr
    task_vision.o(i.get_speed) refers to holder_pid.o(i.holder_kalman_init) for holder_kalman_init
    task_vision.o(i.get_speed) refers to holder_pid.o(i.holder_KalmanFilter_cal) for holder_KalmanFilter_cal
    task_vision.o(i.get_speed) refers to user_usart.o(.data) for Target_Flag
    task_vision.o(i.get_speed) refers to task_vision.o(.data) for vision_speed_kx
    task_vision.o(i.get_speed) refers to task_vision.o(.bss) for vision_yaw_kalman_speed
    task_vision.o(i.get_x_tart_base) refers to holder_pid.o(i.holder_kalman_init) for holder_kalman_init
    task_vision.o(i.get_x_tart_base) refers to holder_pid.o(i.holder_KalmanFilter_cal) for holder_KalmanFilter_cal
    task_vision.o(i.get_x_tart_base) refers to task_vision.o(.data) for camera_deal_kb
    task_vision.o(i.get_x_tart_base) refers to task_vision.o(.bss) for vision_yaw_kalman
    task_vision.o(i.pack_vs_info_send) refers to user_usart.o(i.usart6_send_string) for usart6_send_string
    task_vision.o(i.robo2vs_send) refers to task_vision.o(i.pack_vs_info_send) for pack_vs_info_send
    task_vision.o(i.robo2vs_send) refers to task_vision.o(.data) for vs_send
    task_vision.o(i.task_vision_get_old_data) refers to holder_pid.o(i.old_data_init) for old_data_init
    task_vision.o(i.task_vision_get_old_data) refers to holder_pid.o(i.put_data) for put_data
    task_vision.o(i.task_vision_get_old_data) refers to holder_pid.o(i.get_data) for get_data
    task_vision.o(i.task_vision_get_old_data) refers to makos_schedule.o(i.task_delay_ms) for task_delay_ms
    task_vision.o(i.task_vision_get_old_data) refers to task_holder.o(.data) for holder_yaw_angle
[...]
    Soilder_ID                               0x200000c8   Data           1  task_holder.o(.data)
    holder_yaw_angle                         0x200000cc   Data           4  task_holder.o(.data)
    holder_pitch_angle                       0x200000d0   Data           4  task_holder.o(.data)
    pitch_torque                             0x200000d4   Data           2  task_holder.o(.data)
    yaw_torque                               0x200000d6   Data           2  task_holder.o(.data)
    pitch_speed                              0x200000d8   Data           2  task_holder.o(.data)
    yaw_speed                                0x200000da   Data           2  task_holder.o(.data)
    camera_max_num                           0x200000dc   Data           1  task_holder.o(.data)
    Vision_Flag                              0x200000dd   Data           1  task_holder.o(.data)
    MyScope_Flag                             0x200000de   Data           1  task_holder.o(.data)
    holder_x_target                          0x200000e0   Data           4  task_holder.o(.data)
    holder_x_target2                         0x200000e4   Data           4  task_holder.o(.data)
    holder_scope_target                      0x200000e8   Data           4  task_holder.o(.data)
    holder_y_target                          0x200000ec   Data           4  task_holder.o(.data)
    holder_y_target2                         0x200000f0   Data           4  task_holder.o(.data)
    holder_x_init                            0x200000f4   Data           2  task_holder.o(.data)
    holder_y_init                            0x200000f6   Data           2  task_holder.o(.data)
    pitch_ex_v                               0x200000f8   Data           4  task_holder.o(.data)
    yaw_ex_v                                 0x200000fc   Data           4  task_holder.o(.data)
    yaw_output                               0x20000100   Data           4  task_holder.o(.data)
    pitch_output                             0x20000104   Data           4  task_holder.o(.data)
    yaw_output_last                          0x20000108   Data           4  task_holder.o(.data)
    pitch_output_last                        0x2000010c   Data           4  task_holder.o(.data)
    Send_Flag                                0x20000110   Data           1  task_holder.o(.data)
    yaw_speed_mpu                            0x20000114   Data           4  task_holder.o(.data)
    badass                                   0x20000120   Data           1  task_engineer_state.o(.data)
    start_location                           0x20000124   Data           4  task_engineer_state.o(.data)
    left_limits                              0x20000128   Data           4  task_engineer_state.o(.data)
    right_limits                             0x2000012c   Data           4  task_engineer_state.o(.data)
    TIM1CH1_CAPTURE_STA                      0x20000170   Data           1  task_sensors.o(.data)
    TIM1CH2_CAPTURE_STA                      0x2000017c   Data           1  task_sensors.o(.data)
    TIM1CH3_CAPTURE_STA                      0x20000188   Data           1  task_sensors.o(.data)
    TIM1CH4_CAPTURE_STA                      0x20000194   Data           1  task_sensors.o(.data)
    TIM3CH4_CAPTURE_STA                      0x200001a0   Data           1  task_sensors.o(.data)
    chassis_motors                           0x200001ac   Data           1  task_motor_protect.o(.data)
    lift_motors                              0x200001ad   Data           1  task_motor_protect.o(.data)
    lift_x_motors                            0x200001ae   Data           1  task_motor_protect.o(.data)
    claw_motors                              0x200001af   Data           1  task_motor_protect.o(.data)
    relief_motors                            0x200001b0   Data           1  task_motor_protect.o(.data)
    holder_motors                            0x200001b1   Data           1  task_motor_protect.o(.data)
    arm_motors                               0x200001b2   Data           1  task_motor_protect.o(.data)
    claw_jam_time                            0x200001b3   Data           1  task_motor_protect.o(.data)
    lift_x_jam_time                          0x200001b4   Data           1  task_motor_protect.o(.data)
    lift_jam_time                            0x200001b5   Data           1  task_motor_protect.o(.data)
    auto_collect_mode                        0x200001b6   Data           1  task_cancel_auto_collect.o(.data)
    temp_chassis_yaw                         0x200001b8   Data           8  user_can.o(.data)
    Real_Center                              0x200001f0   Data           4  user_can.o(.data)
    Dir_angle                                0x200001f4   Data           4  user_can.o(.data)
    Dir_angle_adj                            0x200001f8   Data           4  user_can.o(.data)
    Dir_circle                               0x200001fc   Data           4  user_can.o(.data)
    mpu_yaw_speed                            0x20000200   Data           2  user_can.o(.data)
    mpu_hi216_yaw                            0x20000204   Data           8  user_can.o(.data)
    imu_yaw                                  0x2000020c   Data           4  user_can.o(.data)
    real_mpu_hi216_yaw                       0x20000210   Data           4  user_can.o(.data)
    usart_imu_rate                           0x20000214   Data           2  user_can.o(.data)
    CANLASTOUT                               0x20000216   Data           8  user_can.o(.data)
    holder_yaw_angle_temp                    0x20000220   Data           4  user_can.o(.data)
    VS_rx_Msg                                0x20000234   Data           8  user_usart.o(.data)
    usart1_irq_check                         0x2000023c   Data          12  user_usart.o(.data)
    usart5_irq_check                         0x20000248   Data          12  user_usart.o(.data)
    Target_Flag                              0x20000254   Data           1  user_usart.o(.data)
    Target_Flag_last                         0x20000255   Data           1  user_usart.o(.data)
    camera_num                               0x20000256   Data           2  user_usart.o(.data)
    a_moment_x                               0x2000026c   Data           4  user_usart.o(.data)
    a_moment_y                               0x20000270   Data           4  user_usart.o(.data)
    vision_a_k                               0x20000274   Data           4  user_usart.o(.data)
    vision_a_k_pitch                         0x20000278   Data           4  user_usart.o(.data)
    flag_fass2                               0x20000288   Data           1  user_usart.o(.data)
    flag_pass_x_base                         0x20000289   Data           1  user_usart.o(.data)
    flag_pass_y_base                         0x2000028a   Data           1  user_usart.o(.data)
    usart6_irq_check                         0x2000028c   Data          12  user_usart.o(.data)
    dma_write_len                            0x2000029c   Data           4  communicate.o(.data)
    fifo_overflow                            0x200002a0   Data           4  communicate.o(.data)
    magazine                                 0x200002a8   Data           1  task_remote.o(.data)
    remote_connect                           0x200002ac   Data           4  task_remote.o(.data)
    led1                                     0x200002b0   Data          12  task_led.o(.data)
    led2                                     0x200002bc   Data          12  task_led.o(.data)
    beep                                     0x200002c8   Data          12  task_led.o(.data)
    led_user_period                          0x200002d4   Data           4  task_led.o(.data)
    ui_show_remote                           0x200002d8   Data           2  task_ui.o(.data)
    checkdata_to_send                        0x200002dc   Data           1  task_ano.o(.data)
    checksum_to_send                         0x200002dd   Data           1  task_ano.o(.data)
    test_temp_kp                             0x200002e0   Data           4  task_ano.o(.data)
    KeyBox                                   0x200002f9   Data           4  keyboard.o(.data)
    key_msg_front                            0x200002fd   Data           1  keyboard.o(.data)
    key_msg_rear                             0x200002fe   Data           1  keyboard.o(.data)
    key_msg_flag                             0x200002ff   Data           1  keyboard.o(.data)
    Driver_ID                                0x20000304   Data           8  motor.o(.data)
    speed_data                               0x2000030c   Data           8  motor.o(.data)
    front_c                                  0x20000314   Data           2  motor.o(.data)
    clockwise_c                              0x20000316   Data           2  motor.o(.data)
    right_c                                  0x20000318   Data           2  motor.o(.data)
    Hzk                                      0x2000031a   Data         448  oled.o(.data)
    pic_test                                 0x200004da   Data         464  oled.o(.data)
    pic_test2                                0x200006aa   Data        2048  oled.o(.data)
    flag_oled                                0x20000eaa   Data           1  oled.o(.data)
    cmd_ID                                   0x20000eac   Data           2  judgement_info.o(.data)
    data_Length                              0x20000eae   Data           2  judgement_info.o(.data)
    trans_ok                                 0x20000eb0   Data           1  uart_dma.o(.data)
    DMA_memory_id                            0x20000eb1   Data           1  uart_dma.o(.data)
    uart_DMA_full_G                          0x20000eb2   Data           1  uart_dma.o(.data)
    uart_idle_times                          0x20000eb3   Data           1  uart_dma.o(.data)
    Free_Read_Rst                            0x20000eb4   Data           1  uart_dma.o(.data)
    uart_idle_G                              0x20000eb8   Data           4  uart_dma.o(.data)
    CRC_INIT                                 0x20000ebc   Data           2  protocol.o(.data)
    is_ui_page_main                          0x20000ec0   Data           1  ui_lib.o(.data)
    is_supercup_work                         0x20000ec1   Data           1  ui_lib.o(.data)
    KeyStatus                                0x20000ec2   Data           2  ui_lib.o(.data)
    Cursor                                   0x20000ec4   Data           4  ui_lib.o(.data)
    Cursor_last                              0x20000ec8   Data           4  ui_lib.o(.data)
    NowPage                                  0x20000ecc   Data           4  ui_lib.o(.data)
    Menustatus                               0x20000ed0   Data           4  ui_lib.o(.data)
    uintForNow                               0x20000ed4   Data           1  ui_lib.o(.data)
    DataInterval                             0x20000ed8   Data           4  ui_lib.o(.data)
    uintArray                                0x20000ee0   Data          64  ui_lib.o(.data)
    DataToChangeNum                          0x20000f20   Data           4  ui_lib.o(.data)
    mainpage_callback                        0x20000f24   Data           4  ui_lib.o(.data)
    dhead_flash                              0x20000f28   Data           8  ui_lib.o(.data)
    pdbus                                    0x20000f30   Data           4  dbus.o(.data)
    gpiox                                    0x20000f34   Data           4  dbus.o(.data)
    pin                                      0x20000f38   Data           4  dbus.o(.data)
    irq_usart                                0x20000f3c   Data           1  dbus.o(.data)
    irq_dma                                  0x20000f3d   Data           1  dbus.o(.data)
    channel                                  0x20000f40   Data           4  dbus.o(.data)
    stream                                   0x20000f44   Data           4  dbus.o(.data)
    dma_it                                   0x20000f48   Data           4  dbus.o(.data)
    dbus_error_ms                            0x20000f4c   Data           4  dbus.o(.data)
    dmaif11                                  0x20000f50   Data           4  dbus.o(.data)
    dmaif22                                  0x20000f54   Data           4  dbus.o(.data)
    dma1_irq_check                           0x20000f58   Data          12  dbus.o(.data)
    dma2_irq_check                           0x20000f64   Data          12  dbus.o(.data)
    pserial                                  0x20000f70   Data           4  usart.o(.data)
    uif1                                     0x20000f74   Data           4  usart.o(.data)
    uif2                                     0x20000f78   Data           4  usart.o(.data)
    uif3                                     0x20000f7c   Data           4  usart.o(.data)
    uif4                                     0x20000f80   Data           4  usart.o(.data)
    uif5                                     0x20000f84   Data           4  usart.o(.data)
    uif6                                     0x20000f88   Data           4  usart.o(.data)
    serial_init_flag                         0x20000f8c   Data           4  usart.o(.data)
    count                                    0x20000f90   Data           1  usart.o(.data)
    __stdout                                 0x20000f94   Data           4  usart.o(.data)
    TxCounter                                0x20000f98   Data           1  usart.o(.data)
    irq_pos                                  0x20000f99   Data           1  makos_critical.o(.data)
    tick_callback                            0x20000f9c   Data           4  makos_tick.o(.data)
    malloc_cortol                            0x20000fa0   Data          36  makos_memory.o(.data)
    ptcb_curr                                0x20000fc4   Data           4  makos_system.o(.data)
    ptcb_next                                0x20000fc8   Data           4  makos_system.o(.data)
    system_clock                             0x20000fcc   Data           4  makos_tick_handle.o(.data)
    print_flag                               0x20000fd0   Data           1  makos_print.o(.data)
    dhead_print                              0x20000fd4   Data           8  makos_print.o(.data)
    cpu_print                                0x20000fdc   Data           4  makos_idle.o(.data)
    cpu_print_mark                           0x20000fe0   Data           4  makos_idle.o(.data)
    app_key1                                 0x20000fe4   Data           1  makos_resolver.o(.data)
    app_key2                                 0x20000fe5   Data           1  makos_resolver.o(.data)
    app_key3                                 0x20000fe6   Data           1  makos_resolver.o(.data)
    app_key4                                 0x20000fe7   Data           1  makos_resolver.o(.data)
    app_key5                                 0x20000fe8   Data           1  makos_resolver.o(.data)
    app_key6                                 0x20000fe9   Data           1  makos_resolver.o(.data)
    app_bar1                                 0x20000fea   Data           1  makos_resolver.o(.data)
    app_bar2                                 0x20000feb   Data           1  makos_resolver.o(.data)
    app_bar3                                 0x20000fec   Data           1  makos_resolver.o(.data)
    dhead_resolve                            0x20000ff0   Data           8  makos_resolver.o(.data)
    record_flag                              0x20000ff8   Data           4  makos_record.o(.data)
    record_write                             0x20000ffc   Data           4  makos_record.o(.data)
    record_print                             0x20001000   Data           4  makos_record.o(.data)
    vision_yaw_kalman                        0x20001014   Data          32  task_vision.o(.bss)
    vision_yaw_kalman_speed                  0x20001034   Data          32  task_vision.o(.bss)
    vision_yaw_kalman_tar                    0x20001054   Data          32  task_vision.o(.bss)
    vision_yaw_kalman1_2020                  0x20001074   Data          32  task_vision.o(.bss)
    vision_yaw_kalman2_2020                  0x20001094   Data          32  task_vision.o(.bss)
    vision_yaw_kalman3_2020                  0x200010b4   Data          32  task_vision.o(.bss)
    engineer                                 0x200010d4   Data          92  task_engineer_state.o(.bss)
    remote_origin                            0x20001130   Data          12  task_engineer_state.o(.bss)
    engineer_control                         0x2000113c   Data        2592  task_engineer_control.o(.bss)
    motor_circle                             0x20001b5c   Data         128  user_can.o(.bss)
    motor_circle_simple                      0x20001bdc   Data         128  user_can.o(.bss)
    Camera_Uart_Buffer                       0x20001c6c   Data         256  user_usart.o(.bss)
    main_page                                0x20001d6c   Data         164  ui.o(.bss)
    param_set_page                           0x20001e10   Data         164  ui.o(.bss)
    data_Show_page                           0x20001eb4   Data         164  ui.o(.bss)
    data_Show_page2                          0x20001f58   Data         164  ui.o(.bss)
    data_Show_page3                          0x20001ffc   Data         164  ui.o(.bss)
    vs_param_set_page                        0x200020a0   Data         164  ui.o(.bss)
    remote_msg                               0x20002440   Data          28  task_remote.o(.bss)
    remotekf_msg                             0x2000245c   Data          28  task_remote.o(.bss)
    task_remote_buff                         0x20002478   Data          36  task_remote.o(.bss)
    ANO_data                                 0x2000249c   Data         108  task_ano.o(.bss)
    f                                        0x20002508   Data           9  task_ano.o(.bss)
    data_to_send                             0x20002511   Data          50  task_ano.o(.bss)
    key_msg                                  0x20002575   Data          40  keyboard.o(.bss)
    judge_recv_mesg                          0x2000259d   Data          70  judgement_info.o(.bss)
    client_custom_data                       0x200025e3   Data          19  judgement_info.o(.bss)
    SendBuff                                 0x200025f8   Data          70  uart_dma.o(.bss)
    ReadBuff                                 0x2000263e   Data        1024  uart_dma.o(.bss)
    ReadBuff2                                0x20002a3e   Data        1024  uart_dma.o(.bss)
    DMA_InitStructure_tx                     0x20002e40   Data          60  uart_dma.o(.bss)
    TxMessage                                0x20002e7c   Data          20  can.o(.bss)
    remote_buff                              0x20002e90   Data          18  dbus.o(.bss)
    TxBuffer                                 0x20002ea2   Data         256  usart.o(.bss)
    canrate                                  0x20002fa4   Data         152  timer.o(.bss)
    irq_stat                                 0x2000303c   Data          60  makos_critical.o(.bss)
    mem1base                                 0x20003078   Data       71680  makos_memory.o(.bss)
    mem1mapbase                              0x20014878   Data        4480  makos_memory.o(.bss)
    system_param                             0x200159f8   Data          84  makos_system.o(.bss)
    pipe_resolver                            0x20015a4c   Data          20  makos_resolver.o(.bss)
    record_buff                              0x20015a60   Data        1024  makos_record.o(.bss)
    __libspace_start                         0x20015e60   Data          96  libspace.o(.bss)
    __temporary_stack_top$libspace           0x20015ec0   Data           0  libspace.o(.bss)
    mem2base                                 0x68000000   Data       983040  makos_memory.o(.ARM.__AT_0x68000000)
    mem2mapbase                              0x680f0000   Data       61440  makos_memory.o(.ARM.__AT_0x680F0000)



==============================================================================

Memory Map of the image

  Image Entry point : 0x08000189

  Load Region LR_IROM1 (Base: 0x08000000, Size: 0x0000e240, Max: 0x00100000, ABSOLUTE, COMPRESSED[0x0000d5c0])

    Execution Region ER_IROM1 (Exec base: 0x08000000, Load base: 0x08000000, Size: 0x0000d22c, Max: 0x00100000, ABSOLUTE)

    Exec Addr    Load Addr    Size         Type   Attr      Idx    E Section Name        Object

    0x08000000   0x08000000   0x00000188   Data   RO         8182    RESET               startup_stm32f40xx.o
    0x08000188   0x08000188   0x00000008   Code   RO         8466  * !!!main             c_w.l(__main.o)
    0x08000190   0x08000190   0x00000034   Code   RO         8896    !!!scatter          c_w.l(__scatter.o)
    0x080001c4   0x080001c4   0x0000005a   Code   RO         8894    !!dczerorl2         c_w.l(__dczerorl2.o)
    0x0800021e   0x0800021e   0x00000002   PAD
    0x08000220   0x08000220   0x0000001c   Code   RO         8898    !!handler_zi        c_w.l(__scatter_zi.o)
    0x0800023c   0x0800023c   0x00000000   Code   RO         8455    .ARM.Collect$$_printf_percent$$00000000  c_w.l(_printf_percent.o)
    0x0800023c   0x0800023c   0x00000006   Code   RO         8596    .ARM.Collect$$_printf_percent$$00000001  c_w.l(_printf_n.o)
    0x08000242   0x08000242   0x00000006   Code   RO         8597    .ARM.Collect$$_printf_percent$$00000002  c_w.l(_printf_p.o)
    0x08000248   0x08000248   0x00000006   Code   RO         8454    .ARM.Collect$$_printf_percent$$00000003  c_w.l(_printf_f.o)
    0x0800024e   0x0800024e   0x00000006   Code   RO         8601    .ARM.Collect$$_printf_percent$$00000004  c_w.l(_printf_e.o)
    0x08000254   0x08000254   0x00000006   Code   RO         8602    .ARM.Collect$$_printf_percent$$00000005  c_w.l(_printf_g.o)
    0x0800025a   0x0800025a   0x00000006   Code   RO         8603    .ARM.Collect$$_printf_percent$$00000006  c_w.l(_printf_a.o)
    0x08000260   0x08000260   0x0000000a   Code   RO         8608    .ARM.Collect$$_printf_percent$$00000007  c_w.l(_printf_ll.o)
    0x0800026a   0x0800026a   0x00000006   Code   RO         8599    .ARM.Collect$$_printf_percent$$00000008  c_w.l(_printf_i.o)
    0x08000270   0x08000270   0x00000006   Code   RO         8453    .ARM.Collect$$_printf_percent$$00000009  c_w.l(_printf_d.o)
    0x08000276   0x08000276   0x00000006   Code   RO         8600    .ARM.Collect$$_printf_percent$$0000000A  c_w.l(_printf_u.o)
    0x0800027c   0x0800027c   0x00000006   Code   RO         8598    .ARM.Collect$$_printf_percent$$0000000B  c_w.l(_printf_o.o)
    0x08000282   0x08000282   0x00000006   Code   RO         8452    .ARM.Collect$$_printf_percent$$0000000C  c_w.l(_printf_x.o)
    0x08000288   0x08000288   0x00000006   Code   RO         8605    .ARM.Collect$$_printf_percent$$0000000D  c_w.l(_printf_lli.o)
    0x0800028e   0x0800028e   0x00000006   Code   RO         8606    .ARM.Collect$$_printf_percent$$0000000E  c_w.l(_printf_lld.o)
    0x08000294   0x08000294   0x00000006   Code   RO         8607    .ARM.Collect$$_printf_percent$$0000000F  c_w.l(_printf_llu.o)
    0x0800029a   0x0800029a   0x00000006   Code   RO         8612    .ARM.Collect$$_printf_percent$$00000010  c_w.l(_printf_llo.o)
    0x080002a0   0x080002a0   0x00000006   Code   RO         8613    .ARM.Collect$$_printf_percent$$00000011  c_w.l(_printf_llx.o)
    0x080002a6   0x080002a6   0x0000000a   Code   RO         8609    .ARM.Collect$$_printf_percent$$00000012  c_w.l(_printf_l.o)
    0x080002b0   0x080002b0   0x00000006   Code   RO         8595    .ARM.Collect$$_printf_percent$$00000013  c_w.l(_printf_c.o)
    0x080002b6   0x080002b6   0x00000006   Code   RO         8451    .ARM.Collect$$_printf_percent$$00000014  c_w.l(_printf_s.o)
    0x080002bc   0x080002bc   0x00000006   Code   RO         8610    .ARM.Collect$$_printf_percent$$00000015  c_w.l(_printf_lc.o)
    0x080002c2   0x080002c2   0x00000006   Code   RO         8611    .ARM.Collect$$_printf_percent$$00000016  c_w.l(_printf_ls.o)
    0x080002c8   0x080002c8   0x00000004   Code   RO         8604    .ARM.Collect$$_printf_percent$$00000017  c_w.l(_printf_percent_end.o)
    0x080002cc   0x080002cc   0x00000002   Code   RO         8832    .ARM.Collect$$libinit$$00000000  c_w.l(libinit.o)
    0x080002ce   0x080002ce   0x00000004   Code   RO         8616    .ARM.Collect$$libinit$$00000001  c_w.l(libinit2.o)
    0x080002d2   0x080002d2   0x00000000   Code   RO         8619    .ARM.Collect$$libinit$$00000004  c_w.l(libinit2.o)
    0x080002d2   0x080002d2   0x00000000   Code   RO         8622    .ARM.Collect$$libinit$$0000000A  c_w.l(libinit2.o)
    0x080002d2   0x080002d2   0x00000000   Code   RO         8624    .ARM.Collect$$libinit$$0000000C  c_w.l(libinit2.o)
    0x080002d2   0x080002d2   0x00000000   Code   RO         8626    .ARM.Collect$$libinit$$0000000E  c_w.l(libinit2.o)
    0x080002d2   0x080002d2   0x00000006   Code   RO         8627    .ARM.Collect$$libinit$$0000000F  c_w.l(libinit2.o)
    0x080002d8   0x080002d8   0x00000000   Code   RO         8629    .ARM.Collect$$libinit$$00000011  c_w.l(libinit2.o)
    0x080002d8   0x080002d8   0x0000000c   Code   RO         8630    .ARM.Collect$$libinit$$00000012  c_w.l(libinit2.o)
    0x080002e4   0x080002e4   0x00000000   Code   RO         8631    .ARM.Collect$$libinit$$00000013  c_w.l(libinit2.o)
    0x080002e4   0x080002e4   0x00000000   Code   RO         8633    .ARM.Collect$$libinit$$00000015  c_w.l(libinit2.o)
    0x080002e4   0x080002e4   0x0000000a   Code   RO         8634    .ARM.Collect$$libinit$$00000016  c_w.l(libinit2.o)
    0x080002ee   0x080002ee   0x00000000   Code   RO         8635    .ARM.Collect$$libinit$$00000017  c_w.l(libinit2.o)
    0x080002ee   0x080002ee   0x00000000   Code   RO         8637    .ARM.Collect$$libinit$$00000019  c_w.l(libinit2.o)
    0x080002ee   0x080002ee   0x00000000   Code   RO         8639    .ARM.Collect$$libinit$$0000001B  c_w.l(libinit2.o)
    0x080002ee   0x080002ee   0x00000000   Code   RO         8641    .ARM.Collect$$libinit$$0000001D  c_w.l(libinit2.o)
    0x080002ee   0x080002ee   0x00000000   Code   RO         8643    .ARM.Collect$$libinit$$0000001F  c_w.l(libinit2.o)
    0x080002ee   0x080002ee   0x00000000   Code   RO         8645    .ARM.Collect$$libinit$$00000021  c_w.l(libinit2.o)
    0x080002ee   0x080002ee   0x00000000   Code   RO         8647    .ARM.Collect$$libinit$$00000023  c_w.l(libinit2.o)
    0x080002ee   0x080002ee   0x00000000   Code   RO         8649    .ARM.Collect$$libinit$$00000025  c_w.l(libinit2.o)
    0x080002ee   0x080002ee   0x00000000   Code   RO         8653    .ARM.Collect$$libinit$$0000002C  c_w.l(libinit2.o)
    0x080002ee   0x080002ee   0x00000000   Code   RO         8655    .ARM.Collect$$libinit$$0000002E  c_w.l(libinit2.o)
    0x080002ee   0x080002ee   0x00000000   Code   RO         8657    .ARM.Collect$$libinit$$00000030  c_w.l(libinit2.o)
    0x080002ee   0x080002ee   0x00000000   Code   RO         8659    .ARM.Collect$$libinit$$00000032  c_w.l(libinit2.o)
    0x080002ee   0x080002ee   0x00000002   Code   RO         8660    .ARM.Collect$$libinit$$00000033  c_w.l(libinit2.o)
    0x080002f0   0x080002f0   0x00000002   Code   RO         8891    .ARM.Collect$$libshutdown$$00000000  c_w.l(libshutdown.o)
    0x080002f2   0x080002f2   0x00000000   Code   RO         8847    .ARM.Collect$$libshutdown$$00000002  c_w.l(libshutdown2.o)
    0x080002f2   0x080002f2   0x00000000   Code   RO         8849    .ARM.Collect$$libshutdown$$00000004  c_w.l(libshutdown2.o)
    0x080002f2   0x080002f2   0x00000000   Code   RO         8852    .ARM.Collect$$libshutdown$$00000007  c_w.l(libshutdown2.o)
    0x080002f2   0x080002f2   0x00000000   Code   RO         8855    .ARM.Collect$$libshutdown$$0000000A  c_w.l(libshutdown2.o)
    0x080002f2   0x080002f2   0x00000000   Code   RO         8857    .ARM.Collect$$libshutdown$$0000000C  c_w.l(libshutdown2.o)
    0x080002f2   0x080002f2   0x00000000   Code   RO         8860    .ARM.Collect$$libshutdown$$0000000F  c_w.l(libshutdown2.o)
    0x080002f2   0x080002f2   0x00000002   Code   RO         8861    .ARM.Collect$$libshutdown$$00000010  c_w.l(libshutdown2.o)
    0x080002f4   0x080002f4   0x00000000   Code   RO         8538    .ARM.Collect$$rtentry$$00000000  c_w.l(__rtentry.o)
    0x080002f4   0x080002f4   0x00000000   Code   RO         8714    .ARM.Collect$$rtentry$$00000002  c_w.l(__rtentry2.o)
    0x080002f4   0x080002f4   0x00000006   Code   RO         8726    .ARM.Collect$$rtentry$$00000004  c_w.l(__rtentry4.o)
    0x080002fa   0x080002fa   0x00000000   Code   RO         8716    .ARM.Collect$$rtentry$$00000009  c_w.l(__rtentry2.o)
    0x080002fa   0x080002fa   0x00000004   Code   RO         8717    .ARM.Collect$$rtentry$$0000000A  c_w.l(__rtentry2.o)
    0x080002fe   0x080002fe   0x00000000   Code   RO         8719    .ARM.Collect$$rtentry$$0000000C  c_w.l(__rtentry2.o)
    0x080002fe   0x080002fe   0x00000008   Code   RO         8720    .ARM.Collect$$rtentry$$0000000D  c_w.l(__rtentry2.o)
    0x08000306   0x08000306   0x00000002   Code   RO         8833    .ARM.Collect$$rtexit$$00000000  c_w.l(rtexit.o)
    0x08000308   0x08000308   0x00000000   Code   RO         8865    .ARM.Collect$$rtexit$$00000002  c_w.l(rtexit2.o)
    0x08000308   0x08000308   0x00000004   Code   RO         8866    .ARM.Collect$$rtexit$$00000003  c_w.l(rtexit2.o)
    0x0800030c   0x0800030c   0x00000006   Code   RO         8867    .ARM.Collect$$rtexit$$00000004  c_w.l(rtexit2.o)
    0x08000312   0x08000312   0x00000002   PAD
    0x08000314   0x08000314   0x0000004c   Code   RO         4085    .emb_text           makos_pendsv.o
    0x08000360   0x08000360   0x00000040   Code   RO         8183    .text               startup_stm32f40xx.o
    0x080003a0   0x080003a0   0x00000002   Code   RO         8334    .text               c_w.l(use_no_semi_2.o)
    0x080003a2   0x080003a2   0x00000002   PAD
    0x080003a4   0x080003a4   0x00000024   Code   RO         8398    .text               c_w.l(vsprintf.o)
    0x080003c8   0x080003c8   0x00000018   Code   RO         8400    .text               c_w.l(__2printf.o)
    0x080003e0   0x080003e0   0x00000052   Code   RO         8406    .text               c_w.l(_printf_str.o)
    0x08000432   0x08000432   0x00000002   PAD
    0x08000434   0x08000434   0x00000078   Code   RO         8408    .text               c_w.l(_printf_dec.o)
    0x080004ac   0x080004ac   0x00000094   Code   RO         8428    .text               c_w.l(_printf_hex_int_ll_ptr.o)
    0x08000540   0x08000540   0x00000188   Code   RO         8448    .text               c_w.l(__printf_flags_ss_wp.o)
    0x080006c8   0x080006c8   0x0000008a   Code   RO         8456    .text               c_w.l(rt_memcpy_v6.o)
    0x08000752   0x08000752   0x00000064   Code   RO         8458    .text               c_w.l(rt_memcpy_w.o)
    0x080007b6   0x080007b6   0x0000004e   Code   RO         8460    .text               c_w.l(rt_memclr_w.o)
    0x08000804   0x08000804   0x00000080   Code   RO         8462    .text               c_w.l(strcmpv7m.o)
    0x08000884   0x08000884   0x00000006   Code   RO         8464    .text               c_w.l(heapauxi.o)
    0x0800088a   0x0800088a   0x00000002   Code   RO         8534    .text               c_w.l(use_no_semi.o)
    0x0800088c   0x0800088c   0x0000004e   Code   RO         8566    .text               c_w.l(_printf_pad.o)
    0x080008da   0x080008da   0x00000024   Code   RO         8568    .text               c_w.l(_printf_truncate.o)
    0x080008fe   0x080008fe   0x000000b2   Code   RO         8570    .text               c_w.l(_printf_intcommon.o)
    0x080009b0   0x080009b0   0x00000028   Code   RO         8572    .text               c_w.l(_printf_charcount.o)
    0x080009d8   0x080009d8   0x0000041e   Code   RO         8574    .text               c_w.l(_printf_fp_dec.o)
    0x08000df6   0x08000df6   0x00000002   PAD
    0x08000df8   0x08000df8   0x00000030   Code   RO         8576    .text               c_w.l(_printf_char_common.o)
    0x08000e28   0x08000e28   0x0000000a   Code   RO         8578    .text               c_w.l(_sputc.o)
    0x08000e32   0x08000e32   0x0000002c   Code   RO         8580    .text               c_w.l(_printf_char.o)
    0x08000e5e   0x08000e5e   0x00000002   PAD
    0x08000e60   0x08000e60   0x00000024   Code   RO         8582    .text               c_w.l(_printf_char_file.o)
    0x08000e84   0x08000e84   0x000000bc   Code   RO         8584    .text               c_w.l(_printf_wctomb.o)
    0x08000f40   0x08000f40   0x0000007c   Code   RO         8587    .text               c_w.l(_printf_longlong_dec.o)
    0x08000fbc   0x08000fbc   0x00000070   Code   RO         8593    .text               c_w.l(_printf_oct_int_ll.o)
    0x0800102c   0x0800102c   0x00000008   Code   RO         8710    .text               c_w.l(libspace.o)
    0x08001034   0x08001034   0x00000008   Code   RO         8731    .text               c_w.l(rt_locale_intlibspace.o)
    0x0800103c   0x0800103c   0x0000008a   Code   RO         8746    .text               c_w.l(lludiv10.o)
    0x080010c6   0x080010c6   0x00000002   PAD
    0x080010c8   0x080010c8   0x000002fc   Code   RO         8748    .text               c_w.l(_printf_fp_hex.o)
    0x080013c4   0x080013c4   0x00000080   Code   RO         8751    .text               c_w.l(_printf_fp_infnan.o)
    0x08001444   0x08001444   0x0000002c   Code   RO         8755    .text               c_w.l(_printf_wchar.o)
    0x08001470   0x08001470   0x000000e4   Code   RO         8757    .text               c_w.l(bigflt0.o)
    0x08001554   0x08001554   0x00000008   Code   RO         8782    .text               c_w.l(ferror.o)
    0x0800155c   0x0800155c   0x00000040   Code   RO         8786    .text               c_w.l(_wcrtomb.o)
    0x0800159c   0x0800159c   0x0000004a   Code   RO         8809    .text               c_w.l(sys_stackheap_outer.o)
    0x080015e6   0x080015e6   0x00000002   PAD
    0x080015e8   0x080015e8   0x00000010   Code   RO         8811    .text               c_w.l(rt_ctype_table.o)
    0x080015f8   0x080015f8   0x00000012   Code   RO         8817    .text               c_w.l(exit.o)
    0x0800160a   0x0800160a   0x0000003e   Code   RO         8760    CL$$btod_d2e        c_w.l(btod.o)
    0x08001648   0x08001648   0x00000046   Code   RO         8762    CL$$btod_d2e_denorm_low  c_w.l(btod.o)
    0x0800168e   0x0800168e   0x00000060   Code   RO         8761    CL$$btod_d2e_norm_op1  c_w.l(btod.o)
    0x080016ee   0x080016ee   0x00000338   Code   RO         8770    CL$$btod_div_common  c_w.l(btod.o)
    0x08001a26   0x08001a26   0x000000dc   Code   RO         8767    CL$$btod_e2e        c_w.l(btod.o)
    0x08001b02   0x08001b02   0x0000002a   Code   RO         8764    CL$$btod_ediv       c_w.l(btod.o)
    0x08001b2c   0x08001b2c   0x0000002a   Code   RO         8763    CL$$btod_emul       c_w.l(btod.o)
    0x08001b56   0x08001b56   0x00000244   Code   RO         8769    CL$$btod_mult_common  c_w.l(btod.o)
    0x08001d9a   0x08001d9a   0x00000002   PAD
    0x08001d9c   0x08001d9c   0x00000450   Code   RO         2072    i.ANO_DT_Data_Exchange  task_ano.o
    0x080021ec   0x080021ec   0x00000404   Code   RO         2073    i.ANO_DT_Data_Receive_Anl  task_ano.o
    0x080025f0   0x080025f0   0x0000002c   Code   RO         2074    i.ANO_DT_Data_Receive_Anl_Task  task_ano.o
    0x0800261c   0x0800261c   0x000000e0   Code   RO         2075    i.ANO_DT_Data_Receive_Prepare  task_ano.o
    0x080026fc   0x080026fc   0x00000048   Code   RO         2076    i.ANO_DT_Send_Check  task_ano.o
    0x08002744   0x08002744   0x00000014   Code   RO         2077    i.ANO_DT_Send_Data  task_ano.o
    0x08002758   0x08002758   0x00000238   Code   RO         2078    i.ANO_DT_Send_PID   task_ano.o
    0x08002990   0x08002990   0x00000020   Code   RO         5318    i.BusFault_Handler  stm32f4xx_it.o
    0x080029b0   0x080029b0   0x0000001c   Code   RO         3703    i.CAN1_Configuration  can.o
    0x080029cc   0x080029cc   0x00000050   Code   RO         3704    i.CAN1_GPIO_Configuration  can.o
    0x08002a1c   0x08002a1c   0x0000003c   Code   RO         3705    i.CAN1_NVIC_Configuration  can.o
    0x08002a58   0x08002a58   0x000008e0   Code   RO         1066    i.CAN1_RX0_IRQHandler  user_can.o
    0x08003338   0x08003338   0x0000003c   Code   RO         3706    i.CAN1_SendMsg      can.o
    0x08003374   0x08003374   0x00000028   Code   RO         1067    i.CAN1_TX_IRQHandler  user_can.o
    0x0800339c   0x0800339c   0x000000a4   Code   RO         3707    i.CAN1_mode_Configuration  can.o
    0x08003440   0x08003440   0x0000051c   Code   RO         1068    i.CAN2_RX0_IRQHandler  user_can.o
    0x0800395c   0x0800395c   0x00000040   Code   RO         3708    i.CAN2_SendMsg      can.o
    0x0800399c   0x0800399c   0x00000028   Code   RO         1069    i.CAN2_TX_IRQHandler  user_can.o
    0x080039c4   0x080039c4   0x00000038   Code   RO         5811    i.CAN_ClearFlag     stm32f4xx_can.o
    0x080039fc   0x080039fc   0x000000a8   Code   RO         5812    i.CAN_ClearITPendingBit  stm32f4xx_can.o
    0x08003aa4   0x08003aa4   0x00000038   Code   RO         5814    i.CAN_DeInit        stm32f4xx_can.o
    0x08003adc   0x08003adc   0x00000108   Code   RO         5816    i.CAN_FilterInit    stm32f4xx_can.o
    0x08003be4   0x08003be4   0x00000120   Code   RO         5818    i.CAN_GetITStatus   stm32f4xx_can.o
    0x08003d04   0x08003d04   0x00000012   Code   RO         5822    i.CAN_ITConfig      stm32f4xx_can.o
    0x08003d16   0x08003d16   0x00000114   Code   RO         5823    i.CAN_Init          stm32f4xx_can.o
    0x08003e2a   0x08003e2a   0x000000f0   Code   RO         5826    i.CAN_Receive       stm32f4xx_can.o
    0x08003f1a   0x08003f1a   0x00000020   Code   RO         5829    i.CAN_StructInit    stm32f4xx_can.o
    0x08003f3a   0x08003f3a   0x00000126   Code   RO         5831    i.CAN_Transmit      stm32f4xx_can.o
    0x08004060   0x08004060   0x00000600   Code   RO         3564    i.ChangeData        ui_lib.o
    0x08004660   0x08004660   0x00000012   Code   RO         5834    i.CheckITStatus     stm32f4xx_can.o
    0x08004672   0x08004672   0x00000002   PAD
    0x08004674   0x08004674   0x00000044   Code   RO         3163    i.DMA1_Stream1_IRQHandler  uart_dma.o
    0x080046b8   0x080046b8   0x0000004c   Code   RO         3800    i.DMA2_Stream2_IRQHandler  dbus.o
    0x08004704   0x08004704   0x00000034   Code   RO         5980    i.DMA_ClearFlag     stm32f4xx_dma.o
    0x08004738   0x08004738   0x00000034   Code   RO         5981    i.DMA_ClearITPendingBit  stm32f4xx_dma.o
    0x0800476c   0x0800476c   0x00000016   Code   RO         5982    i.DMA_Cmd           stm32f4xx_dma.o
    0x08004782   0x08004782   0x00000002   PAD
    0x08004784   0x08004784   0x00000158   Code   RO         5983    i.DMA_DeInit        stm32f4xx_dma.o
    0x080048dc   0x080048dc   0x00000016   Code   RO         5984    i.DMA_DoubleBufferModeCmd  stm32f4xx_dma.o
    0x080048f2   0x080048f2   0x00000018   Code   RO         5985    i.DMA_DoubleBufferModeConfig  stm32f4xx_dma.o
    0x0800490a   0x0800490a   0x00000014   Code   RO         5987    i.DMA_GetCmdStatus  stm32f4xx_dma.o
    0x0800491e   0x0800491e   0x00000008   Code   RO         5988    i.DMA_GetCurrDataCounter  stm32f4xx_dma.o
    0x08004926   0x08004926   0x00000014   Code   RO         5989    i.DMA_GetCurrentMemoryTarget  stm32f4xx_dma.o
    0x0800493a   0x0800493a   0x00000002   PAD
    0x0800493c   0x0800493c   0x00000044   Code   RO         5991    i.DMA_GetFlagStatus  stm32f4xx_dma.o
    0x08004980   0x08004980   0x00000064   Code   RO         5992    i.DMA_GetITStatus   stm32f4xx_dma.o
    0x080049e4   0x080049e4   0x0000003a   Code   RO         5993    i.DMA_ITConfig      stm32f4xx_dma.o
    0x08004a1e   0x08004a1e   0x00000002   PAD
    0x08004a20   0x08004a20   0x00000058   Code   RO         5994    i.DMA_Init          stm32f4xx_dma.o
    0x08004a78   0x08004a78   0x00000020   Code   RO         5319    i.DebugMon_Handler  stm32f4xx_it.o
    0x08004a98   0x08004a98   0x000000b4   Code   RO         3164    i.Debug_USART_Config  uart_dma.o
    0x08004b4c   0x08004b4c   0x00000050   Code   RO         4036    i.Delay_Timer_Init  timer.o
    0x08004b9c   0x08004b9c   0x0000001c   Code   RO         5320    i.FPU_IRQHandler    stm32f4xx_it.o
    0x08004bb8   0x08004bb8   0x00000090   Code   RO         6446    i.GPIO_Init         stm32f4xx_gpio.o
    0x08004c48   0x08004c48   0x00000046   Code   RO         6447    i.GPIO_PinAFConfig  stm32f4xx_gpio.o
    0x08004c8e   0x08004c8e   0x00000012   Code   RO         6450    i.GPIO_ReadInputDataBit  stm32f4xx_gpio.o
    0x08004ca0   0x08004ca0   0x00000004   Code   RO         6453    i.GPIO_ResetBits    stm32f4xx_gpio.o
    0x08004ca4   0x08004ca4   0x00000004   Code   RO         6454    i.GPIO_SetBits      stm32f4xx_gpio.o
    0x08004ca8   0x08004ca8   0x0000006c   Code   RO         2321    i.Get_KeyFifo       keyboard.o
    0x08004d14   0x08004d14   0x00000034   Code   RO         5321    i.HardFault_Handler  stm32f4xx_it.o
    0x08004d48   0x08004d48   0x0000002a   Code   RO         6554    i.I2C_CheckEvent    stm32f4xx_i2c.o
    0x08004d72   0x08004d72   0x00000018   Code   RO         6557    i.I2C_Cmd           stm32f4xx_i2c.o
    0x08004d8a   0x08004d8a   0x00000002   PAD
    0x08004d8c   0x08004d8c   0x00000060   Code   RO         6560    i.I2C_DeInit        stm32f4xx_i2c.o
    0x08004dec   0x08004dec   0x00000018   Code   RO         6565    i.I2C_GenerateSTART  stm32f4xx_i2c.o
    0x08004e04   0x08004e04   0x00000018   Code   RO         6566    i.I2C_GenerateSTOP  stm32f4xx_i2c.o
    0x08004e1c   0x08004e1c   0x0000003a   Code   RO         6567    i.I2C_GetFlagStatus  stm32f4xx_i2c.o
    0x08004e56   0x08004e56   0x00000002   PAD
    0x08004e58   0x08004e58   0x000000e8   Code   RO         6572    i.I2C_Init          stm32f4xx_i2c.o
    0x08004f40   0x08004f40   0x00000010   Code   RO         6579    i.I2C_Send7bitAddress  stm32f4xx_i2c.o
    0x08004f50   0x08004f50   0x00000004   Code   RO         6580    i.I2C_SendData      stm32f4xx_i2c.o
    0x08004f54   0x08004f54   0x00000110   Code   RO         2547    i.I2C_WriteByte     oled.o
    0x08005064   0x08005064   0x00000114   Code   RO         3566    i.Key_Event         ui_lib.o
    0x08005178   0x08005178   0x00000020   Code   RO         5322    i.MemManage_Handler  stm32f4xx_it.o
    0x08005198   0x08005198   0x0000001c   Code   RO         5323    i.NMI_Handler       stm32f4xx_it.o
    0x080051b4   0x080051b4   0x00000078   Code   RO         5391    i.NVIC_Init         misc.o
    0x0800522c   0x0800522c   0x00000014   Code   RO         5392    i.NVIC_PriorityGroupConfig  misc.o
    0x08005240   0x08005240   0x00000048   Code   RO         2548    i.OLED_Clear        oled.o
    0x08005288   0x08005288   0x00000078   Code   RO         2551    i.OLED_DrawBMP      oled.o
    0x08005300   0x08005300   0x000001dc   Code   RO         2552    i.OLED_Init         oled.o
    0x080054dc   0x080054dc   0x000000f8   Code   RO         2554    i.OLED_PrintVar     oled.o
    0x080055d4   0x080055d4   0x00000034   Code   RO         2555    i.OLED_Set_Pos      oled.o
    0x08005608   0x08005608   0x00000058   Code   RO         2557    i.OLED_ShowChar     oled.o
    0x08005660   0x08005660   0x0000004c   Code   RO         2559    i.OLED_ShowString   oled.o
    0x080056ac   0x080056ac   0x00000024   Code   RO         2560    i.OLED_WR_Byte      oled.o
    0x080056d0   0x080056d0   0x0000003c   Code   RO         2561    i.OLED_printf       oled.o
    0x0800570c   0x0800570c   0x00000010   Code   RO         1535    i.OS_menu           ui.o
    0x0800571c   0x0800571c   0x00000102   Code   RO         3331    i.PID_IncrementMode  mak_pid.o
    0x0800581e   0x0800581e   0x0000010a   Code   RO         3332    i.PID_Update        mak_pid.o
    0x08005928   0x08005928   0x00000128   Code   RO         3675    i.PWM_init          pwm.o
    0x08005a50   0x08005a50   0x000001a4   Code   RO         2263    i.Packet_Decode     imu_packet.o
    0x08005bf4   0x08005bf4   0x00000020   Code   RO         6781    i.RCC_AHB1PeriphClockCmd  stm32f4xx_rcc.o
    0x08005c14   0x08005c14   0x00000020   Code   RO         6784    i.RCC_AHB2PeriphClockCmd  stm32f4xx_rcc.o
    0x08005c34   0x08005c34   0x00000020   Code   RO         6790    i.RCC_APB1PeriphClockCmd  stm32f4xx_rcc.o
    0x08005c54   0x08005c54   0x00000020   Code   RO         6792    i.RCC_APB1PeriphResetCmd  stm32f4xx_rcc.o
    0x08005c74   0x08005c74   0x00000020   Code   RO         6793    i.RCC_APB2PeriphClockCmd  stm32f4xx_rcc.o
    0x08005c94   0x08005c94   0x00000020   Code   RO         6795    i.RCC_APB2PeriphResetCmd  stm32f4xx_rcc.o
    0x08005cb4   0x08005cb4   0x000000e8   Code   RO         6802    i.RCC_GetClocksFreq  stm32f4xx_rcc.o
    0x08005d9c   0x08005d9c   0x00000024   Code   RO         8119    i.RNG_Cmd           stm32f4xx_rng.o
    0x08005dc0   0x08005dc0   0x00000018   Code   RO         8121    i.RNG_GetFlagStatus  stm32f4xx_rng.o
    0x08005dd8   0x08005dd8   0x0000003e   Code   RO         3526    i.RNG_Init          rng_led.o
    0x08005e16   0x08005e16   0x00000002   PAD
    0x08005e18   0x08005e18   0x0000001c   Code   RO         5324    i.SVC_Handler       stm32f4xx_it.o
    0x08005e34   0x08005e34   0x00000070   Code   RO         2322    i.SendToFifo        keyboard.o
    0x08005ea4   0x08005ea4   0x000000ec   Code   RO         5517    i.SetSysClock       system_stm32f4xx.o
    0x08005f90   0x08005f90   0x00000010   Code   RO         4158    i.SysTick_Handler   makos_tick.o
    0x08005fa0   0x08005fa0   0x00000068   Code   RO         5519    i.SystemInit        system_stm32f4xx.o
    0x08006008   0x08006008   0x00000054   Code   RO         4037    i.TIM12_Int_Init    timer.o
    0x0800605c   0x0800605c   0x000002b8   Code   RO          930    i.TIM1_CC_IRQHandler  task_sensors.o
    0x08006314   0x08006314   0x000000ac   Code   RO          932    i.TIM1_UP_TIM10_IRQHandler  task_sensors.o
    0x080063c0   0x080063c0   0x000000e8   Code   RO          933    i.TIM3_IRQHandler   task_sensors.o
    0x080064a8   0x080064a8   0x00000034   Code   RO         4038    i.TIM8_BRK_TIM12_IRQHandler  timer.o
    0x080064dc   0x080064dc   0x00000018   Code   RO         7357    i.TIM_ARRPreloadConfig  stm32f4xx_tim.o
    0x080064f4   0x080064f4   0x00000006   Code   RO         7364    i.TIM_ClearITPendingBit  stm32f4xx_tim.o
    0x080064fa   0x080064fa   0x00000018   Code   RO         7369    i.TIM_Cmd           stm32f4xx_tim.o
    0x08006512   0x08006512   0x00000006   Code   RO         7384    i.TIM_GetCapture1   stm32f4xx_tim.o
    0x08006518   0x08006518   0x00000006   Code   RO         7385    i.TIM_GetCapture2   stm32f4xx_tim.o
    0x0800651e   0x0800651e   0x00000006   Code   RO         7386    i.TIM_GetCapture3   stm32f4xx_tim.o
    0x08006524   0x08006524   0x00000006   Code   RO         7387    i.TIM_GetCapture4   stm32f4xx_tim.o
    0x0800652a   0x0800652a   0x00000022   Code   RO         7390    i.TIM_GetITStatus   stm32f4xx_tim.o
    0x0800654c   0x0800654c   0x00000012   Code   RO         7394    i.TIM_ITConfig      stm32f4xx_tim.o
    0x0800655e   0x0800655e   0x00000002   PAD
    0x08006560   0x08006560   0x0000007c   Code   RO         7398    i.TIM_OC1Init       stm32f4xx_tim.o
    0x080065dc   0x080065dc   0x00000012   Code   RO         7400    i.TIM_OC1PolarityConfig  stm32f4xx_tim.o
    0x080065ee   0x080065ee   0x00000012   Code   RO         7401    i.TIM_OC1PreloadConfig  stm32f4xx_tim.o
    0x08006600   0x08006600   0x000000a4   Code   RO         7403    i.TIM_OC2Init       stm32f4xx_tim.o
    0x080066a4   0x080066a4   0x0000001a   Code   RO         7405    i.TIM_OC2PolarityConfig  stm32f4xx_tim.o
    0x080066be   0x080066be   0x0000001a   Code   RO         7406    i.TIM_OC2PreloadConfig  stm32f4xx_tim.o
    0x080066d8   0x080066d8   0x0000001a   Code   RO         7410    i.TIM_OC3PolarityConfig  stm32f4xx_tim.o
    0x080066f2   0x080066f2   0x0000001a   Code   RO         7414    i.TIM_OC4PolarityConfig  stm32f4xx_tim.o
    0x0800670c   0x0800670c   0x00000004   Code   RO         7431    i.TIM_SetCompare1   stm32f4xx_tim.o
    0x08006710   0x08006710   0x00000084   Code   RO         7441    i.TIM_TimeBaseInit  stm32f4xx_tim.o
    0x08006794   0x08006794   0x00000012   Code   RO         7442    i.TIM_TimeBaseStructInit  stm32f4xx_tim.o
    0x080067a6   0x080067a6   0x00000002   PAD
    0x080067a8   0x080067a8   0x00000040   Code   RO         3948    i.UART4_IRQHandler  usart.o
    0x080067e8   0x080067e8   0x00000034   Code   RO         1142    i.UART5_IRQHandler  user_usart.o
    0x0800681c   0x0800681c   0x0000013c   Code   RO         3569    i.UI_show           ui_lib.o
    0x08006958   0x08006958   0x00000034   Code   RO         1143    i.USART1_IRQHandler  user_usart.o
    0x0800698c   0x0800698c   0x000000a8   Code   RO         3949    i.USART2_IRQHandler  usart.o
    0x08006a34   0x08006a34   0x0000003c   Code   RO         3165    i.USART3_IRQHandler  uart_dma.o
    0x08006a70   0x08006a70   0x00000348   Code   RO         1144    i.USART6_IRQHandler  user_usart.o
    0x08006db8   0x08006db8   0x0000001e   Code   RO         7923    i.USART_ClearITPendingBit  stm32f4xx_usart.o
    0x08006dd6   0x08006dd6   0x00000018   Code   RO         7926    i.USART_Cmd         stm32f4xx_usart.o
    0x08006dee   0x08006dee   0x00000012   Code   RO         7927    i.USART_DMACmd      stm32f4xx_usart.o
    0x08006e00   0x08006e00   0x00000088   Code   RO         3167    i.USART_DMA_TX_Config  uart_dma.o
    0x08006e88   0x08006e88   0x000000f0   Code   RO         7928    i.USART_DeInit      stm32f4xx_usart.o
    0x08006f78   0x08006f78   0x000000c8   Code   RO         3168    i.USART_DoubleDMA_RX_Config  uart_dma.o
    0x08007040   0x08007040   0x0000001a   Code   RO         7929    i.USART_GetFlagStatus  stm32f4xx_usart.o
    0x0800705a   0x0800705a   0x00000054   Code   RO         7930    i.USART_GetITStatus  stm32f4xx_usart.o
    0x080070ae   0x080070ae   0x0000004a   Code   RO         7932    i.USART_ITConfig    stm32f4xx_usart.o
    0x080070f8   0x080070f8   0x000000d4   Code   RO         7933    i.USART_Init        stm32f4xx_usart.o
    0x080071cc   0x080071cc   0x0000000a   Code   RO         7940    i.USART_ReceiveData  stm32f4xx_usart.o
    0x080071d6   0x080071d6   0x00000008   Code   RO         7943    i.USART_SendData    stm32f4xx_usart.o
    0x080071de   0x080071de   0x00000002   PAD
    0x080071e0   0x080071e0   0x00000024   Code   RO         5325    i.UsageFault_Handler  stm32f4xx_it.o
    0x08007204   0x08007204   0x0000004c   Code   RO         3950    i.Usart_Send        usart.o
    0x08007250   0x08007250   0x00000030   Code   RO         8804    i.__ARM_fpclassify  m_wm.l(fpclassify.o)
    0x08007280   0x08007280   0x0000000e   Code   RO         8441    i._is_digit         c_w.l(__printf_wp.o)
    0x0800728e   0x0800728e   0x00000006   Code   RO         3951    i._sys_exit         usart.o
    0x08007294   0x08007294   0x00000028   Code   RO          677    i.ammunition_box_towards  task_engineer_state.o
    0x080072bc   0x080072bc   0x00000006   Code   RO         5036    i.app_getdata       makos_resolver.o
    0x080072c2   0x080072c2   0x00000002   PAD
    0x080072c4   0x080072c4   0x00000030   Code   RO         3379    i.append_crc16_check_sum  protocol.o
    0x080072f4   0x080072f4   0x00000026   Code   RO         3380    i.append_crc8_check_sum  protocol.o
    0x0800731a   0x0800731a   0x00000048   Code   RO          305    i.base_init         task_init.o
    0x08007362   0x08007362   0x0000001c   Code   RO         3709    i.can2_Configuration  can.o
    0x0800737e   0x0800737e   0x00000002   PAD
    0x08007380   0x08007380   0x00000058   Code   RO         3710    i.can2_GPIO_Configuration  can.o
    0x080073d8   0x080073d8   0x0000003c   Code   RO         3711    i.can2_NVIC_Configuration  can.o
    0x08007414   0x08007414   0x000000a4   Code   RO         3712    i.can2_mode_Configuration  can.o
    0x080074b8   0x080074b8   0x000000e8   Code   RO          678    i.chassis_handle_mode  task_engineer_state.o
    0x080075a0   0x080075a0   0x00000002   Code   RO          679    i.chassis_keybord_mode  task_engineer_state.o
    0x080075a2   0x080075a2   0x00000002   PAD
    0x080075a4   0x080075a4   0x000002ac   Code   RO          752    i.chassis_pid_control  task_engineer_control.o
    0x08007850   0x08007850   0x000000d8   Code   RO          753    i.chassis_pid_init  task_engineer_control.o
    0x08007928   0x08007928   0x00000040   Code   RO         5037    i.check_data        makos_resolver.o
    0x08007968   0x08007968   0x0000002c   Code   RO         1071    i.circle_count_engineer  user_can.o
    0x08007994   0x08007994   0x00000032   Code   RO         1072    i.circle_count_simple  user_can.o
    0x080079c6   0x080079c6   0x0000003c   Code   RO         2266    i.crc16_update      imu_packet.o
    0x08007a02   0x08007a02   0x00000002   PAD
    0x08007a04   0x08007a04   0x0000003c   Code   RO         1231    i.data_packet_pack  communicate.o
    0x08007a40   0x08007a40   0x00000084   Code   RO         3801    i.dbus_buff_checked  dbus.o
    0x08007ac4   0x08007ac4   0x0000007c   Code   RO         3802    i.dbus_error_handle  dbus.o
    0x08007b40   0x08007b40   0x00000224   Code   RO         3803    i.dbus_init         dbus.o
    0x08007d64   0x08007d64   0x00000038   Code   RO         3804    i.dbus_mode_dma     dbus.o
    0x08007d9c   0x08007d9c   0x0000002c   Code   RO         3805    i.dbus_mode_usart   dbus.o
    0x08007dc8   0x08007dc8   0x00000064   Code   RO         4039    i.delay_us          timer.o
    0x08007e2c   0x08007e2c   0x000000f0   Code   RO         1232    i.dma_buffer_to_unpack_buffer  communicate.o
    0x08007f1c   0x08007f1c   0x00000026   Code   RO         4917    i.dndqueue_add_last  makos_dnode_queue.o
    0x08007f42   0x08007f42   0x0000000c   Code   RO         4918    i.dndqueue_init     makos_dnode_queue.o
    0x08007f4e   0x08007f4e   0x0000000e   Code   RO         4212    i.dnode_add_last    makos_doublelist.o
    0x08007f5c   0x08007f5c   0x00000006   Code   RO         4215    i.dnode_head_init   makos_doublelist.o
    0x08007f62   0x08007f62   0x00000014   Code   RO         4217    i.dnode_remove      makos_doublelist.o
    0x08007f76   0x08007f76   0x00000002   Code   RO         3806    i.emptyf            dbus.o
    0x08007f78   0x08007f78   0x00000002   Code   RO         3952    i.emptyf            usart.o
    0x08007f7a   0x08007f7a   0x00000002   PAD
    0x08007f7c   0x08007f7c   0x00000154   Code   RO          757    i.engineer_chassis_speed_T  task_engineer_control.o
    0x080080d0   0x080080d0   0x00000036   Code   RO         3234    i.fifo_s_get        data_fifo.o
    0x08008106   0x08008106   0x00000036   Code   RO         3236    i.fifo_s_init       data_fifo.o
    0x0800813c   0x0800813c   0x00000056   Code   RO         3239    i.fifo_s_puts       data_fifo.o
    0x08008192   0x08008192   0x00000010   Code   RO         3241    i.fifo_used_count   data_fifo.o
    0x080081a2   0x080081a2   0x00000002   PAD
    0x080081a4   0x080081a4   0x0000007c   Code   RO         3953    i.fputc             usart.o
    0x08008220   0x08008220   0x00000034   Code   RO         3381    i.get_crc16_check_sum  protocol.o
    0x08008254   0x08008254   0x00000024   Code   RO         3382    i.get_crc8_check_sum  protocol.o
    0x08008278   0x08008278   0x00000008   Code   RO         5039    i.get_datatype      makos_resolver.o
    0x08008280   0x08008280   0x0000001c   Code   RO         1233    i.get_dma_memory_msg  communicate.o
    0x0800829c   0x0800829c   0x000000a4   Code   RO          402    i.get_speed         task_vision.o
    0x08008340   0x08008340   0x000000b8   Code   RO          403    i.get_x_tart_base   task_vision.o
    0x080083f8   0x080083f8   0x0000006a   Code   RO         1324    i.holder_KalmanFilter_cal  holder_pid.o
    0x08008462   0x08008462   0x0000000a   Code   RO         1325    i.holder_kalman_init  holder_pid.o
    0x0800846c   0x0800846c   0x00000014   Code   RO         4870    i.init_tick_callback  makos_tick_handle.o
    0x08008480   0x08008480   0x00000050   Code   RO         4104    i.irq_close         makos_critical.o
    0x080084d0   0x080084d0   0x00000002   Code   RO         2860    i.irq_dead_check    irq_dead_check.o
    0x080084d2   0x080084d2   0x00000002   PAD
    0x080084d4   0x080084d4   0x0000004c   Code   RO         4105    i.irq_restore       makos_critical.o
    0x08008520   0x08008520   0x000000a4   Code   RO         2890    i.judge_send_float  judgement_info.o
    0x080085c4   0x080085c4   0x00000130   Code   RO         2891    i.judgement_data_handler  judgement_info.o
    0x080086f4   0x080086f4   0x0000004c   Code   RO         2324    i.key_get           keyboard.o
    0x08008740   0x08008740   0x000000bc   Code   RO         2326    i.key_scan          keyboard.o
    0x080087fc   0x080087fc   0x000003e0   Code   RO          680    i.lift_handle_mode  task_engineer_state.o
    0x08008bdc   0x08008bdc   0x000003f8   Code   RO          681    i.lift_keybord_mode  task_engineer_state.o
    0x08008fd4   0x08008fd4   0x000000ac   Code   RO            4    i.main              main.o
    0x08009080   0x08009080   0x000000dc   Code   RO         5260    i.mak_print         mak_print.o
    0x0800915c   0x0800915c   0x000000f0   Code   RO         5262    i.mak_print_float   mak_print.o
    0x0800924c   0x0800924c   0x00000056   Code   RO         5263    i.mak_print_s32     mak_print.o
    0x080092a2   0x080092a2   0x00000016   Code   RO         5264    i.mak_print_string  mak_print.o
    0x080092b8   0x080092b8   0x00000018   Code   RO         5265    i.mak_print_u8      mak_print.o
    0x080092d0   0x080092d0   0x0000002c   Code   RO         4603    i.makos_get_prio_highest  makos_system.o
    0x080092fc   0x080092fc   0x00000138   Code   RO         4604    i.makos_init        makos_system.o
    0x08009434   0x08009434   0x0000005c   Code   RO         4605    i.makos_run         makos_system.o
    0x08009490   0x08009490   0x0000004c   Code   RO         4606    i.makos_update_switch  makos_system.o
    0x080094dc   0x080094dc   0x0000001a   Code   RO         1724    i.memcopy           task_remote.o
    0x080094f6   0x080094f6   0x00000038   Code   RO         2479    i.mled_init         led.o
    0x0800952e   0x0800952e   0x0000001c   Code   RO         2480    i.mled_off          led.o
    0x0800954a   0x0800954a   0x0000001c   Code   RO         2481    i.mled_on           led.o
    0x08009566   0x08009566   0x00000002   PAD
    0x08009568   0x08009568   0x00000020   Code   RO         4671    i.msg_get_read_some  makos_message.o
    0x08009588   0x08009588   0x0000001a   Code   RO         4675    i.msg_get_write_some  makos_message.o
    0x080095a2   0x080095a2   0x00000002   PAD
    0x080095a4   0x080095a4   0x000000c4   Code   RO         4677    i.msg_init          makos_message.o
    0x08009668   0x08009668   0x00000020   Code   RO         4679    i.msg_read_finish_some  makos_message.o
    0x08009688   0x08009688   0x00000020   Code   RO         4683    i.msg_write_finish_some  makos_message.o
    0x080096a8   0x080096a8   0x000000ac   Code   RO         4384    i.mutex_init        makos_mutex.o
    0x08009754   0x08009754   0x00000044   Code   RO         4298    i.my_mem_init       makos_memory.o
    0x08009798   0x08009798   0x000000a8   Code   RO         4299    i.my_mem_malloc     makos_memory.o
    0x08009840   0x08009840   0x00000040   Code   RO         4300    i.my_mem_perused    makos_memory.o
    0x08009880   0x08009880   0x00000014   Code   RO         4301    i.my_mem_set        makos_memory.o
    0x08009894   0x08009894   0x00000028   Code   RO         4303    i.mymalloc          makos_memory.o
    0x080098bc   0x080098bc   0x0000006c   Code   RO         2562    i.oled_init_again   oled.o
    0x08009928   0x08009928   0x0000004c   Code   RO         3333    i.pid_init_absolute  mak_pid.o
    0x08009974   0x08009974   0x00000044   Code   RO         3334    i.pid_init_increment  mak_pid.o
    0x080099b8   0x080099b8   0x00000038   Code   RO         3335    i.pid_zero_absolute  mak_pid.o
    0x080099f0   0x080099f0   0x00000030   Code   RO         3336    i.pid_zero_increment  mak_pid.o
    0x08009a20   0x08009a20   0x00000094   Code   RO         4505    i.pipe_init         makos_pipe.o
    0x08009ab4   0x08009ab4   0x0000003e   Code   RO         4506    i.pipe_read         makos_pipe.o
    0x08009af2   0x08009af2   0x00000046   Code   RO         4507    i.pipe_write        makos_pipe.o
    0x08009b38   0x08009b38   0x00000054   Code   RO         1145    i.print_wave        user_usart.o
    0x08009b8c   0x08009b8c   0x00000070   Code   RO         1234    i.protocol_packet_pack  communicate.o
    0x08009bfc   0x08009bfc   0x00000140   Code   RO         1725    i.remote_data_dispose  task_remote.o
    0x08009d3c   0x08009d3c   0x0000002c   Code   RO         1726    i.remote_handle     task_remote.o
    0x08009d68   0x08009d68   0x00000014   Code   RO         1727    i.remote_send_msg_init  task_remote.o
    0x08009d7c   0x08009d7c   0x00000024   Code   RO         5040    i.resolve_add       makos_resolver.o
    0x08009da0   0x08009da0   0x0000002c   Code   RO         5041    i.resolver_init     makos_resolver.o
    0x08009dcc   0x08009dcc   0x00000030   Code   RO         3954    i.serial_handler    usart.o
    0x08009dfc   0x08009dfc   0x0000032c   Code   RO         3955    i.serial_init       usart.o
    0x0800a128   0x0800a128   0x00000014   Code   RO         4999    i.set_cpu_print     makos_idle.o
    0x0800a13c   0x0800a13c   0x00000280   Code   RO         3577    i.show_content      ui_lib.o
    0x0800a3bc   0x0800a3bc   0x00000028   Code   RO         5045    i.sum_check         makos_resolver.o
    0x0800a3e4   0x0800a3e4   0x0000000e   Code   RO         2079    i.task_ANO          task_ano.o
    0x0800a3f2   0x0800a3f2   0x00000002   PAD
    0x0800a3f4   0x0800a3f4   0x0000006c   Code   RO         4962    i.task_PRINT        makos_print.o
    0x0800a460   0x0800a460   0x000000dc   Code   RO         2025    i.task_UI           task_ui.o
    0x0800a53c   0x0800a53c   0x00000394   Code   RO         4556    i.task_create_full  makos_task.o
    0x0800a8d0   0x0800a8d0   0x00000394   Code   RO         4557    i.task_create_full_CCM  makos_task.o
    0x0800ac64   0x0800ac64   0x00000038   Code   RO         4805    i.task_delay_ms     makos_schedule.o
    0x0800ac9c   0x0800ac9c   0x00000028   Code   RO          766    i.task_engineer_can1_send  task_engineer_control.o
    0x0800acc4   0x0800acc4   0x00000028   Code   RO          767    i.task_engineer_can2_send  task_engineer_control.o
    0x0800acec   0x0800acec   0x00000012   Code   RO          768    i.task_engineer_chassis_control  task_engineer_control.o
    0x0800acfe   0x0800acfe   0x00000002   PAD
    0x0800ad00   0x0800ad00   0x00000114   Code   RO          770    i.task_engineer_control  task_engineer_control.o
    0x0800ae14   0x0800ae14   0x00000158   Code   RO          772    i.task_engineer_holder_control  task_engineer_control.o
    0x0800af6c   0x0800af6c   0x000001a0   Code   RO          682    i.task_engineer_state  task_engineer_state.o
    0x0800b10c   0x0800b10c   0x00000124   Code   RO         5000    i.task_idle         makos_idle.o
    0x0800b230   0x0800b230   0x000001b0   Code   RO          306    i.task_init         task_init.o
    0x0800b3e0   0x0800b3e0   0x000000fc   Code   RO         1682    i.task_judge        task_judge.o
    0x0800b4dc   0x0800b4dc   0x00000018   Code   RO         2026    i.task_keyscan      task_ui.o
    0x0800b4f4   0x0800b4f4   0x000000c0   Code   RO         1968    i.task_led_sys      task_led.o
    0x0800b5b4   0x0800b5b4   0x000000a4   Code   RO          683    i.task_print        task_engineer_state.o
    0x0800b658   0x0800b658   0x00000058   Code   RO         5190    i.task_record       makos_record.o
    0x0800b6b0   0x0800b6b0   0x00000070   Code   RO         1729    i.task_remote       task_remote.o
    0x0800b720   0x0800b720   0x000000b4   Code   RO         5046    i.task_resolver     makos_resolver.o
    0x0800b7d4   0x0800b7d4   0x00000028   Code   RO         4810    i.task_suspend      makos_schedule.o
    0x0800b7fc   0x0800b7fc   0x00000028   Code   RO         2027    i.task_ui_get_remote  task_ui.o
    0x0800b824   0x0800b824   0x0000006c   Code   RO         4872    i.tick_handle       makos_tick_handle.o
    0x0800b890   0x0800b890   0x00000050   Code   RO         4159    i.tick_init         makos_tick.o
    0x0800b8e0   0x0800b8e0   0x0000001c   Code   RO         4160    i.tick_start        makos_tick.o
    0x0800b8fc   0x0800b8fc   0x000000b0   Code   RO         3957    i.uasrt6_init       usart.o
    0x0800b9ac   0x0800b9ac   0x00000158   Code   RO         1235    i.unpack_fifo_data  communicate.o
    0x0800bb04   0x0800bb04   0x00000020   Code   RO         1146    i.usart2_send_char  user_usart.o
    0x0800bb24   0x0800bb24   0x0000001a   Code   RO         1147    i.usart2_send_string  user_usart.o
    0x0800bb3e   0x0800bb3e   0x00000002   PAD
    0x0800bb40   0x0800bb40   0x00000040   Code   RO         3383    i.verify_crc16_check_sum  protocol.o
    0x0800bb80   0x0800bb80   0x00000030   Code   RO         3384    i.verify_crc8_check_sum  protocol.o
    0x0800bbb0   0x0800bbb0   0x0000002c   Code   RO         8789    locale$$code        c_w.l(lc_numeric_c.o)
    0x0800bbdc   0x0800bbdc   0x0000002c   Code   RO         8840    locale$$code        c_w.l(lc_ctype_c.o)
    0x0800bc08   0x0800bc08   0x00000062   Code   RO         8468    x$fpl$d2f           fz_wm.l(d2f.o)
    0x0800bc6a   0x0800bc6a   0x00000002   PAD
    0x0800bc6c   0x0800bc6c   0x00000150   Code   RO         8470    x$fpl$dadd          fz_wm.l(daddsub_clz.o)
    0x0800bdbc   0x0800bdbc   0x00000018   Code   RO         8663    x$fpl$dcmpinf       fz_wm.l(dcmpi.o)
    0x0800bdd4   0x0800bdd4   0x00000078   Code   RO         8480    x$fpl$deqf          fz_wm.l(deqf.o)
    0x0800be4c   0x0800be4c   0x0000005e   Code   RO         8482    x$fpl$dfix          fz_wm.l(dfix.o)
    0x0800beaa   0x0800beaa   0x00000002   PAD
    0x0800beac   0x0800beac   0x0000005a   Code   RO         8486    x$fpl$dfixu         fz_wm.l(dfixu.o)
    0x0800bf06   0x0800bf06   0x0000002e   Code   RO         8491    x$fpl$dflt          fz_wm.l(dflt_clz.o)
    0x0800bf34   0x0800bf34   0x00000026   Code   RO         8490    x$fpl$dfltu         fz_wm.l(dflt_clz.o)
    0x0800bf5a   0x0800bf5a   0x00000002   PAD
    0x0800bf5c   0x0800bf5c   0x00000154   Code   RO         8498    x$fpl$dmul          fz_wm.l(dmul.o)
    0x0800c0b0   0x0800c0b0   0x0000009c   Code   RO         8665    x$fpl$dnaninf       fz_wm.l(dnaninf.o)
    0x0800c14c   0x0800c14c   0x0000000c   Code   RO         8667    x$fpl$dretinf       fz_wm.l(dretinf.o)
    0x0800c158   0x0800c158   0x000001d4   Code   RO         8472    x$fpl$dsub          fz_wm.l(daddsub_clz.o)
    0x0800c32c   0x0800c32c   0x00000056   Code   RO         8500    x$fpl$f2d           fz_wm.l(f2d.o)
    0x0800c382   0x0800c382   0x0000008c   Code   RO         8669    x$fpl$fnaninf       fz_wm.l(fnaninf.o)
    0x0800c40e   0x0800c40e   0x0000000a   Code   RO         8800    x$fpl$fpinit        fz_wm.l(fpinit.o)
    0x0800c418   0x0800c418   0x0000000a   Code   RO         8671    x$fpl$fretinf       fz_wm.l(fretinf.o)
    0x0800c422   0x0800c422   0x00000004   Code   RO         8502    x$fpl$printf1       fz_wm.l(printf1.o)
    0x0800c426   0x0800c426   0x00000004   Code   RO         8673    x$fpl$printf2       fz_wm.l(printf2.o)
    0x0800c42a   0x0800c42a   0x00000000   Code   RO         8679    x$fpl$usenofp       fz_wm.l(usenofp.o)
    0x0800c42a   0x0800c42a   0x00000818   Data   RO         2564    .constdata          oled.o
    0x0800cc42   0x0800cc42   0x00000302   Data   RO         3385    .constdata          protocol.o
    0x0800cf44   0x0800cf44   0x00000024   Data   RO         4310    .constdata          makos_memory.o
    0x0800cf68   0x0800cf68   0x00000028   Data   RO         8429    .constdata          c_w.l(_printf_hex_int_ll_ptr.o)
    0x0800cf90   0x0800cf90   0x00000011   Data   RO         8449    .constdata          c_w.l(__printf_flags_ss_wp.o)
    0x0800cfa1   0x0800cfa1   0x00000003   PAD
    0x0800cfa4   0x0800cfa4   0x00000008   Data   RO         8585    .constdata          c_w.l(_printf_wctomb.o)
    0x0800cfac   0x0800cfac   0x00000026   Data   RO         8749    .constdata          c_w.l(_printf_fp_hex.o)
    0x0800cfd2   0x0800cfd2   0x00000002   PAD
    0x0800cfd4   0x0800cfd4   0x00000094   Data   RO         8758    .constdata          c_w.l(bigflt0.o)
    0x0800d068   0x0800d068   0x00000017   Data   RO         1151    .conststring        user_usart.o
    0x0800d07f   0x0800d07f   0x00000001   PAD
    0x0800d080   0x0800d080   0x0000000d   Data   RO         3808    .conststring        dbus.o
    0x0800d08d   0x0800d08d   0x00000003   PAD
    0x0800d090   0x0800d090   0x00000050   Data   RO         4508    .conststring        makos_pipe.o
    0x0800d0e0   0x0800d0e0   0x00000020   Data   RO         8892    Region$$Table       anon$$obj.o
    0x0800d100   0x0800d100   0x0000001c   Data   RO         8788    locale$$data        c_w.l(lc_numeric_c.o)
    0x0800d11c   0x0800d11c   0x00000110   Data   RO         8839    locale$$data        c_w.l(lc_ctype_c.o)


    Execution Region RW_IRAM1 (Exec base: 0x20000000, Load base: 0x0800d22c, Size: 0x000164c0, Max: 0x00020000, ABSOLUTE, COMPRESSED[0x00000394])

    Exec Addr    Load Addr    Size         Type   Attr      Idx    E Section Name        Object

    0x20000000   COMPRESSED   0x000000c8   Data   RW          412    .data               task_vision.o
    0x200000c8   COMPRESSED   0x00000058   Data   RW          494    .data               task_holder.o
    0x20000120   COMPRESSED   0x00000019   Data   RW          685    .data               task_engineer_state.o
    0x20000139   COMPRESSED   0x00000037   Data   RW          777    .data               task_engineer_control.o
    0x20000170   COMPRESSED   0x0000003c   Data   RW          937    .data               task_sensors.o
    0x200001ac   COMPRESSED   0x0000000a   Data   RW          998    .data               task_motor_protect.o
    0x200001b6   COMPRESSED   0x00000001   Data   RW         1033    .data               task_cancel_auto_collect.o
    0x200001b7   COMPRESSED   0x00000001   PAD
    0x200001b8   COMPRESSED   0x0000007b   Data   RW         1074    .data               user_can.o
    0x20000233   COMPRESSED   0x00000001   PAD
    0x20000234   COMPRESSED   0x00000065   Data   RW         1152    .data               user_usart.o
    0x20000299   COMPRESSED   0x00000003   PAD
    0x2000029c   COMPRESSED   0x00000009   Data   RW         1236    .data               communicate.o
    0x200002a5   COMPRESSED   0x00000003   PAD
    0x200002a8   COMPRESSED   0x00000008   Data   RW         1731    .data               task_remote.o
    0x200002b0   COMPRESSED   0x00000028   Data   RW         1970    .data               task_led.o
    0x200002d8   COMPRESSED   0x00000002   Data   RW         2028    .data               task_ui.o
    0x200002da   COMPRESSED   0x00000002   PAD
    0x200002dc   COMPRESSED   0x0000000c   Data   RW         2081    .data               task_ano.o
    0x200002e8   COMPRESSED   0x00000011   Data   RW         2267    .data               imu_packet.o
    0x200002f9   COMPRESSED   0x0000000b   Data   RW         2328    .data               keyboard.o
    0x20000304   COMPRESSED   0x00000016   Data   RW         2387    .data               motor.o
    0x2000031a   COMPRESSED   0x00000b91   Data   RW         2565    .data               oled.o
    0x20000eab   COMPRESSED   0x00000001   PAD
    0x20000eac   COMPRESSED   0x00000004   Data   RW         2893    .data               judgement_info.o
    0x20000eb0   COMPRESSED   0x0000000c   Data   RW         3170    .data               uart_dma.o
    0x20000ebc   COMPRESSED   0x00000002   Data   RW         3386    .data               protocol.o
    0x20000ebe   COMPRESSED   0x00000002   PAD
    0x20000ec0   COMPRESSED   0x00000070   Data   RW         3578    .data               ui_lib.o
    0x20000f30   COMPRESSED   0x00000040   Data   RW         3809    .data               dbus.o
    0x20000f70   COMPRESSED   0x00000029   Data   RW         3959    .data               usart.o
    0x20000f99   COMPRESSED   0x00000001   Data   RW         4107    .data               makos_critical.o
    0x20000f9a   COMPRESSED   0x00000002   PAD
    0x20000f9c   COMPRESSED   0x00000004   Data   RW         4161    .data               makos_tick.o
    0x20000fa0   COMPRESSED   0x00000024   Data   RW         4311    .data               makos_memory.o
    0x20000fc4   COMPRESSED   0x00000008   Data   RW         4608    .data               makos_system.o
    0x20000fcc   COMPRESSED   0x00000004   Data   RW         4873    .data               makos_tick_handle.o
    0x20000fd0   COMPRESSED   0x0000000c   Data   RW         4963    .data               makos_print.o
    0x20000fdc   COMPRESSED   0x00000008   Data   RW         5001    .data               makos_idle.o
    0x20000fe4   COMPRESSED   0x00000014   Data   RW         5048    .data               makos_resolver.o
    0x20000ff8   COMPRESSED   0x0000000c   Data   RW         5192    .data               makos_record.o
    0x20001004   COMPRESSED   0x00000010   Data   RW         6834    .data               stm32f4xx_rcc.o
    0x20001014        -       0x000000c0   Zero   RW          411    .bss                task_vision.o
    0x200010d4        -       0x00000068   Zero   RW          684    .bss                task_engineer_state.o
    0x2000113c        -       0x00000a20   Zero   RW          776    .bss                task_engineer_control.o
    0x20001b5c        -       0x00000110   Zero   RW         1073    .bss                user_can.o
    0x20001c6c        -       0x00000100   Zero   RW         1150    .bss                user_usart.o
    0x20001d6c        -       0x000003d8   Zero   RW         1545    .bss                ui.o
    0x20002144        -       0x000002fc   Zero   RW         1683    .bss                task_judge.o
    0x20002440        -       0x0000005c   Zero   RW         1730    .bss                task_remote.o
    0x2000249c        -       0x000000d9   Zero   RW         2080    .bss                task_ano.o
    0x20002575        -       0x00000028   Zero   RW         2327    .bss                keyboard.o
    0x2000259d        -       0x00000059   Zero   RW         2892    .bss                judgement_info.o
    0x200025f6   COMPRESSED   0x00000002   PAD
    0x200025f8        -       0x00000884   Zero   RW         3169    .bss                uart_dma.o
    0x20002e7c        -       0x00000014   Zero   RW         3715    .bss                can.o
    0x20002e90        -       0x00000012   Zero   RW         3807    .bss                dbus.o
    0x20002ea2        -       0x00000100   Zero   RW         3958    .bss                usart.o
    0x20002fa2   COMPRESSED   0x00000002   PAD
    0x20002fa4        -       0x00000098   Zero   RW         4040    .bss                timer.o
    0x2000303c        -       0x0000003c   Zero   RW         4106    .bss                makos_critical.o
    0x20003078        -       0x00012980   Zero   RW         4309    .bss                makos_memory.o
    0x200159f8        -       0x00000054   Zero   RW         4607    .bss                makos_system.o
    0x20015a4c        -       0x00000014   Zero   RW         5047    .bss                makos_resolver.o
    0x20015a60        -       0x00000400   Zero   RW         5191    .bss                makos_record.o
    0x20015e60        -       0x00000060   Zero   RW         8711    .bss                c_w.l(libspace.o)
    0x20015ec0        -       0x00000200   Zero   RW         8181    HEAP                startup_stm32f40xx.o
    0x200160c0        -       0x00000400   Zero   RW         8180    STACK               startup_stm32f40xx.o



  Load Region LR$$.ARM.__AT_0x10000000 (Base: 0x10000000, Size: 0x00000000, Max: 0x00007800, ABSOLUTE)

    Execution Region ER$$.ARM.__AT_0x10000000 (Exec base: 0x10000000, Load base: 0x10000000, Size: 0x00007800, Max: 0x00007800, ABSOLUTE, UNINIT)

    Exec Addr    Load Addr    Size         Type   Attr      Idx    E Section Name        Object

    0x10000000        -       0x00007800   Zero   RW         4305    .ARM.__AT_0x10000000  makos_memory.o



  Load Region LR$$.ARM.__AT_0x10007800 (Base: 0x10007800, Size: 0x00000000, Max: 0x00000780, ABSOLUTE)

    Execution Region ER$$.ARM.__AT_0x10007800 (Exec base: 0x10007800, Load base: 0x10007800, Size: 0x00000780, Max: 0x00000780, ABSOLUTE, UNINIT)

    Exec Addr    Load Addr    Size         Type   Attr      Idx    E Section Name        Object

    0x10007800        -       0x00000780   Zero   RW         4306    .ARM.__AT_0x10007800  makos_memory.o



  Load Region LR$$.ARM.__AT_0x68000000 (Base: 0x68000000, Size: 0x00000000, Max: 0x000f0000, ABSOLUTE)

    Execution Region ER$$.ARM.__AT_0x68000000 (Exec base: 0x68000000, Load base: 0x68000000, Size: 0x000f0000, Max: 0x000f0000, ABSOLUTE, UNINIT)

    Exec Addr    Load Addr    Size         Type   Attr      Idx    E Section Name        Object

    0x68000000        -       0x000f0000   Zero   RW         4307    .ARM.__AT_0x68000000  makos_memory.o



  Load Region LR$$.ARM.__AT_0x680F0000 (Base: 0x680f0000, Size: 0x00000000, Max: 0x0000f000, ABSOLUTE)

    Execution Region ER$$.ARM.__AT_0x680F0000 (Exec base: 0x680f0000, Load base: 0x680f0000, Size: 0x0000f000, Max: 0x0000f000, ABSOLUTE, UNINIT)

    Exec Addr    Load Addr    Size         Type   Attr      Idx    E Section Name        Object

    0x680f0000        -       0x0000f000   Zero   RW         4308    .ARM.__AT_0x680F0000  makos_memory.o


==============================================================================

Image component sizes


      Code (inc. data)   RO Data    RW Data    ZI Data      Debug   Object Name

       796         34          0          0         20       8056   can.o
       784         30          0          9          0       6334   communicate.o
       210          0          0          0          0       3475   data_fifo.o
       982        212         13         64         18       9554   dbus.o
       116          0          0          0          0       1555   holder_pid.o
         0          0          0          0          0        960   imu_data_decode.o
       480         32          0         17          0       2868   imu_packet.o
         2          0          0          0          0        613   irq_dead_check.o
       468         34          0          4         89       6848   judgement_info.o
       484         46          0         11         40       3761   keyboard.o
       112          0          0          0          0       5673   led.o
       172         90          0          0          0     318755   main.o
       772         24          0          0          0       5643   mak_pid.o
       592         10          0          0          0       4688   mak_print.o
       156         68          0          1         60       6657   makos_critical.o
        50          0          0          0          0       1336   makos_dnode_queue.o
        40          0          0          0          0       2350   makos_doublelist.o
       312         74          0          8          0       1843   makos_idle.o
       360         42         36         36    1153280       6008   makos_memory.o
       318        106          0          0          0       4679   makos_message.o
       172        102          0          0          0       3421   makos_mutex.o
        76          8          0          0          0        504   makos_pendsv.o
       280         72         80          0          0       2657   makos_pipe.o
       108         10          0         12          0       1078   makos_print.o
        88         46          0         12       1024       1570   makos_record.o
       378         28          0         20         20       7459   makos_resolver.o
        96         14          0          0          0       1283   makos_schedule.o
       524        190          0          8         84       5219   makos_system.o
      1832        284          0          0          0       4734   makos_task.o
       124         20          0          4          0      28830   makos_tick.o
       128         20          0          4          0       2614   makos_tick_handle.o
       140         24          0          0          0      19027   misc.o
         0          0          0         22          0       1175   motor.o
      1608         56       2072       2961          0      13418   oled.o
       286         18        770          2          0       5558   protocol.o
       296          8          0          0          0        827   pwm.o
        62          0          0          0          0        671   rng_led.o
        64         26        392          0       1536        904   startup_stm32f40xx.o
      1710         26          0          0          0      17428   stm32f4xx_can.o
       878         86          0          0          0      23255   stm32f4xx_dma.o
       240          0          0          0          0      11199   stm32f4xx_gpio.o
       520         28          0          0          0      15019   stm32f4xx_i2c.o
       268        178          0          0          0       4376   stm32f4xx_it.o
       424         54          0         16          0      22610   stm32f4xx_rcc.o
        60         10          0          0          0       1242   stm32f4xx_rng.o
       712         48          0          0          0      34062   stm32f4xx_tim.o
       726         42          0          0          0      14373   stm32f4xx_usart.o
       340         32          0          0          0       1865   system_stm32f4xx.o
      3074         88          0         12        217       8888   task_ano.o
         0          0          0          1          0        328   task_cancel_auto_collect.o
      1958        320          0         55       2592      15100   task_engineer_control.o
      2862        172          0         25        104       8540   task_engineer_state.o
         0          0          0         88          0       4077   task_holder.o
       504        168          0          0          0       3671   task_init.o
       252         48          0          0        764       2994   task_judge.o
       192         14          0         40          0       1124   task_led.o
         0          0          0         10          0        698   task_motor_protect.o
       522         30          0          8         92      13838   task_remote.o
      1100         88          0         60          0       3104   task_sensors.o
       284         82          0          2          0       2155   task_ui.o
       348         74          0        200        192       7107   task_vision.o
       316         24          0          0        152       3429   timer.o
       644         80          0         12       2180       4621   uart_dma.o
        16          6          0          0        984       1966   ui.o
      2768        136          0        112          0       8017   ui_lib.o
      1476        204          0         41        256       9115   usart.o
      3754        220          0        123        272       9168   user_can.o
      1086        172         23        101        256       7611   user_usart.o

    ----------------------------------------------------------------------
     40546       4158       3422       4116    1164236     763585   Object Totals
         0          0         32          0          0          0   (incl. Generated)
        44          0          4         15          4          0   (incl. Padding)

    ----------------------------------------------------------------------

      Code (inc. data)   RO Data    RW Data    ZI Data      Debug   Library Member Name

        24          4          0          0          0         84   __2printf.o
        90          0          0          0          0          0   __dczerorl2.o
         8          0          0          0          0         68   __main.o
       392          4         17          0          0         92   __printf_flags_ss_wp.o
        14          0          0          0          0         68   __printf_wp.o
         0          0          0          0          0          0   __rtentry.o
        12          0          0          0          0          0   __rtentry2.o
         6          0          0          0          0          0   __rtentry4.o
        52          8          0          0          0          0   __scatter.o
        28          0          0          0          0          0   __scatter_zi.o
         6          0          0          0          0          0   _printf_a.o
         6          0          0          0          0          0   _printf_c.o
        44          0          0          0          0        108   _printf_char.o
        48          6          0          0          0         96   _printf_char_common.o
        36          4          0          0          0         80   _printf_char_file.o
        40          0          0          0          0         68   _printf_charcount.o
         6          0          0          0          0          0   _printf_d.o
       120         16          0          0          0         92   _printf_dec.o
         6          0          0          0          0          0   _printf_e.o
         6          0          0          0          0          0   _printf_f.o
      1054          0          0          0          0        216   _printf_fp_dec.o
       764          8         38          0          0        100   _printf_fp_hex.o
       128         16          0          0          0         84   _printf_fp_infnan.o
         6          0          0          0          0          0   _printf_g.o
       148          4         40          0          0        160   _printf_hex_int_ll_ptr.o
         6          0          0          0          0          0   _printf_i.o
       178          0          0          0          0         88   _printf_intcommon.o
        10          0          0          0          0          0   _printf_l.o
         6          0          0          0          0          0   _printf_lc.o
        10          0          0          0          0          0   _printf_ll.o
         6          0          0          0          0          0   _printf_lld.o
         6          0          0          0          0          0   _printf_lli.o
         6          0          0          0          0          0   _printf_llo.o
         6          0          0          0          0          0   _printf_llu.o
         6          0          0          0          0          0   _printf_llx.o
       124         16          0          0          0         92   _printf_longlong_dec.o
         6          0          0          0          0          0   _printf_ls.o
         6          0          0          0          0          0   _printf_n.o
         6          0          0          0          0          0   _printf_o.o
       112         10          0          0          0        124   _printf_oct_int_ll.o
         6          0          0          0          0          0   _printf_p.o
        78          0          0          0          0        108   _printf_pad.o
         0          0          0          0          0          0   _printf_percent.o
         4          0          0          0          0          0   _printf_percent_end.o
         6          0          0          0          0          0   _printf_s.o
        82          0          0          0          0         80   _printf_str.o
        36          0          0          0          0         84   _printf_truncate.o
         6          0          0          0          0          0   _printf_u.o
        44          0          0          0          0        108   _printf_wchar.o
       188          6          8          0          0         92   _printf_wctomb.o
         6          0          0          0          0          0   _printf_x.o
        10          0          0          0          0         68   _sputc.o
        64          0          0          0          0         92   _wcrtomb.o
       228          4        148          0          0         96   bigflt0.o
      1936        128          0          0          0        672   btod.o
        18          0          0          0          0         80   exit.o
         8          0          0          0          0         68   ferror.o
         6          0          0          0          0        152   heapauxi.o
        44         10        272          0          0         76   lc_ctype_c.o
        44         10         28          0          0         76   lc_numeric_c.o
         2          0          0          0          0          0   libinit.o
        34          0          0          0          0          0   libinit2.o
         2          0          0          0          0          0   libshutdown.o
         2          0          0          0          0          0   libshutdown2.o
         8          4          0          0         96         68   libspace.o
       138          0          0          0          0         80   lludiv10.o
        16          4          0          0          0         76   rt_ctype_table.o
         8          4          0          0          0         68   rt_locale_intlibspace.o
        78          0          0          0          0         80   rt_memclr_w.o
       138          0          0          0          0         68   rt_memcpy_v6.o
       100          0          0          0          0         80   rt_memcpy_w.o
         2          0          0          0          0          0   rtexit.o
        10          0          0          0          0          0   rtexit2.o
       128          0          0          0          0         68   strcmpv7m.o
        74          0          0          0          0         80   sys_stackheap_outer.o
         2          0          0          0          0         68   use_no_semi.o
         2          0          0          0          0         68   use_no_semi_2.o
        36          4          0          0          0         76   vsprintf.o
        98          4          0          0          0        140   d2f.o
       804         16          0          0          0        368   daddsub_clz.o
        24          0          0          0          0        116   dcmpi.o
       120          4          0          0          0        140   deqf.o
        94          4          0          0          0        140   dfix.o
        90          4          0          0          0        140   dfixu.o
        84          0          0          0          0        232   dflt_clz.o
       340         12          0          0          0        152   dmul.o
       156          4          0          0          0        140   dnaninf.o
        12          0          0          0          0        116   dretinf.o
        86          4          0          0          0        132   f2d.o
       140          4          0          0          0        132   fnaninf.o
        10          0          0          0          0        116   fpinit.o
        10          0          0          0          0        116   fretinf.o
         4          0          0          0          0        116   printf1.o
         4          0          0          0          0        116   printf2.o
         0          0          0          0          0          0   usenofp.o
        48          0          0          0          0        124   fpclassify.o

    ----------------------------------------------------------------------
      9280        326        556          0         96       6888   Library Totals
        24          0          5          0          0          0   (incl. Padding)

    ----------------------------------------------------------------------

      Code (inc. data)   RO Data    RW Data    ZI Data      Debug   Library Name

      7132        270        551          0         96       4352   c_w.l
      2076         56          0          0          0       2412   fz_wm.l
        48          0          0          0          0        124   m_wm.l

    ----------------------------------------------------------------------
      9280        326        556          0         96       6888   Library Totals

    ----------------------------------------------------------------------

==============================================================================


      Code (inc. data)   RO Data    RW Data    ZI Data      Debug   

     49826       4484       3978       4116    1164332     739081   Grand Totals
     49826       4484       3978        916    1164332     739081   ELF Image Totals (compressed)
     49826       4484       3978        916          0          0   ROM Totals

==============================================================================

    Total RO  Size (Code + RO Data)                53804 (  52.54kB)
    Total RW  Size (RW Data + ZI Data)           1168448 (1141.06kB)
    Total ROM Size (Code + RO Data + RW Data)      54720 (  53.44kB)

==============================================================================

